LTspice 24.1.3 for Windows
Circuit: C:\Users\tanma\OneDrive\Documents\LTspice\MOS\03_inverter_dc\Inverter_VTC_asymmetrical.net
Start Time: Mon May 18 18:00:43 2026
solver = Normal
Maximum thread count: 12
tnom = 27
temp = 27
method = trap
Model "my_nmos": Oxide thickness thinner than recommended for a level 1 MOSFET.
Instance "M1": Length shorter than recommended for a level 1 MOSFET.
Instance "M1": Width narrower than recommended for a level 1 MOSFET.
Model "my_pmos": Oxide thickness thinner than recommended for a level 1 MOSFET.
Instance "M2": Length shorter than recommended for a level 1 MOSFET.
Instance "M2": Width narrower than recommended for a level 1 MOSFET.
.step 
Total elapsed time: 0.101 seconds.

Files loaded:
C:\Users\tanma\OneDrive\Documents\LTspice\MOS\03_inverter_dc\Inverter_VTC_asymmetrical.net
C:\Users\tanma\AppData\Local\LTspice\lib\cmp\standard.mos

Vswitch: V(n002)=2.12655478247 at 2.12655477654
VIL: V(n002)=1.45476397726 at 1.45476393412
VIH: V(n002)=2.50460815058 at 2.50460815497
NMH: '5 - VIH'=2.49539184942
NML: 'VIL - 0'=1.45476397726
