LTspice 24.1.3 for Windows
Circuit: C:\Users\tanma\OneDrive\Documents\LTspice\MOS\03_inverter_dc\Inverter_VTC_symmetrical.net
Start Time: Mon May 18 18:06:36 2026
solver = Normal
Maximum thread count: 12
tnom = 27
temp = 27
method = trap
Model "my_nmos": Oxide thickness thinner than recommended for a level 1 MOSFET.
Instance "M1": Length shorter than recommended for a level 1 MOSFET.
Instance "M1": Width narrower than recommended for a level 1 MOSFET.
Model "my_pmos": Oxide thickness thinner than recommended for a level 1 MOSFET.
Instance "M2": Length shorter than recommended for a level 1 MOSFET.
Instance "M2": Width narrower than recommended for a level 1 MOSFET.
.step 
Total elapsed time: 0.120 seconds.

Files loaded:
C:\Users\tanma\OneDrive\Documents\LTspice\MOS\03_inverter_dc\Inverter_VTC_symmetrical.net
C:\Users\tanma\AppData\Local\LTspice\lib\cmp\standard.mos

Vswitch: V(n002)=2.5 at 2.5
VIL: V(n002)=1.95370460978 at 1.95370456562
VIH: V(n002)=3.05129380549 at 3.0512938544
NMH: '5 - VIH'=1.94870619451
NML: 'VIL - 0'=1.95370460978
