LTspice 24.1.3 for Windows
Circuit: C:\Users\tanma\OneDrive\Documents\LTspice\MOS\03_inverter_dc\short_ckt_current.net
Start Time: Mon May 18 18:29:57 2026
solver = Normal
Maximum thread count: 12
tnom = 27
temp = 27
method = trap
Model "my_nmos": Oxide thickness thinner than recommended for a level 1 MOSFET.
Instance "M1": Length shorter than recommended for a level 1 MOSFET.
Instance "M1": Width narrower than recommended for a level 1 MOSFET.
Model "my_pmos": Oxide thickness thinner than recommended for a level 1 MOSFET.
Instance "M2": Length shorter than recommended for a level 1 MOSFET.
Instance "M2": Width narrower than recommended for a level 1 MOSFET.
.step 
Total elapsed time: 0.106 seconds.

Files loaded:
C:\Users\tanma\OneDrive\Documents\LTspice\MOS\03_inverter_dc\short_ckt_current.net
C:\Users\tanma\AppData\Local\LTspice\lib\cmp\standard.mos

Vswitch: V(n002)=2.12655478247 at 2.12655477654
Imax: MAX(Id(M2))=0.000117149997095 FROM 0 TO 5
V_at_Imax: V(n002)=2.15000009537 at 2.15
