LTspice 24.1.3 for Windows
Circuit: C:\Users\tanma\OneDrive\Documents\LTspice\MOS\02_Second_order_effects\Body_effect.net
Start Time: Mon May 18 15:22:55 2026
solver = Normal
Maximum thread count: 12
tnom = 27
temp = 27
method = trap
.step VSB=0 
.step VSB=0.5 
.step VSB=1 
.step VSB=1.5 
.step VSB=2 
Total elapsed time: 0.126 seconds.

Files loaded:
C:\Users\tanma\OneDrive\Documents\LTspice\MOS\02_Second_order_effects\Body_effect.net
C:\Users\tanma\AppData\Local\LTspice\lib\cmp\standard.mos


Measurement: VTH
  step	V(n001)	at
     1	1.01538398491	1.01538399958
     2	1.51538406092	1.51538407559
     3	2.01538414232	2.01538415699
     4	2.51538421228	2.51538422695
     5	failed	0
