LTspice 24.1.3 for Windows
Circuit: C:\Users\tanma\OneDrive\Documents\LTspice\MOS\04_Inverter_Transient_Analysis\effect_of_load_capacitance_on_delay.net
Start Time: Mon May 18 19:03:18 2026
solver = Normal
Maximum thread count: 12
tnom = 27
temp = 27
method = trap
Model "my_nmos": Oxide thickness thinner than recommended for a level 1 MOSFET.
Instance "M3": Length shorter than recommended for a level 1 MOSFET.
Instance "M3": Width narrower than recommended for a level 1 MOSFET.
Model "my_pmos": Oxide thickness thinner than recommended for a level 1 MOSFET.
Instance "M4": Length shorter than recommended for a level 1 MOSFET.
Instance "M4": Width narrower than recommended for a level 1 MOSFET.
Direct Newton iteration for .op point succeeded.
.step cl=1e-16
.step cl=1e-14
.step cl=1e-13
Total elapsed time: 0.333 seconds.

Files loaded:
C:\Users\tanma\OneDrive\Documents\LTspice\MOS\04_Inverter_Transient_Analysis\effect_of_load_capacitance_on_delay.net
C:\Users\tanma\AppData\Local\LTspice\lib\cmp\standard.mos


Measurement: tpLH
  step	tpLH	FROM	TO
     1	1.02493840913e-11	5.25000000096e-09	5.26024938505e-09
     2	4.90261961396e-11	5.24999999966e-09	5.2990261958e-09
     3	2.56692501822e-10	5.24999999975e-09	5.50669250157e-09

Measurement: tpHL
  step	tpHL	FROM	TO
     1	1.69273515211e-11	1.50000000558e-10	1.66927352079e-10
     2	5.09606893698e-11	1.50000000558e-10	2.00960689928e-10
     3	2.59482581115e-10	1.50000000558e-10	4.09482581673e-10

Measurement: tpd
  step	(tpHL + tpLH)/2
     1	1.35883678062e-11
     2	4.99934427547e-11
     3	2.58087541468e-10
