LTspice 24.1.3 for Windows
Circuit: C:\Users\tanma\OneDrive\Documents\LTspice\MOS\04_Inverter_Transient_Analysis\fanout_effect.net
Start Time: Mon May 18 18:57:55 2026
solver = Normal
Maximum thread count: 12
tnom = 27
temp = 27
method = trap
Model "my_nmos": Oxide thickness thinner than recommended for a level 1 MOSFET.
Instance "M1": Length shorter than recommended for a level 1 MOSFET.
Instance "M1": Width narrower than recommended for a level 1 MOSFET.
Instance "M3": Length shorter than recommended for a level 1 MOSFET.
Instance "M3": Width narrower than recommended for a level 1 MOSFET.
Instance "M5": Length shorter than recommended for a level 1 MOSFET.
Instance "M5": Width narrower than recommended for a level 1 MOSFET.
Instance "M7": Length shorter than recommended for a level 1 MOSFET.
Instance "M7": Width narrower than recommended for a level 1 MOSFET.
Instance "M9": Length shorter than recommended for a level 1 MOSFET.
Instance "M9": Width narrower than recommended for a level 1 MOSFET.
Model "my_pmos": Oxide thickness thinner than recommended for a level 1 MOSFET.
Instance "M2": Length shorter than recommended for a level 1 MOSFET.
Instance "M2": Width narrower than recommended for a level 1 MOSFET.
Instance "M4": Length shorter than recommended for a level 1 MOSFET.
Instance "M4": Width narrower than recommended for a level 1 MOSFET.
Instance "M6": Length shorter than recommended for a level 1 MOSFET.
Instance "M6": Width narrower than recommended for a level 1 MOSFET.
Instance "M8": Length shorter than recommended for a level 1 MOSFET.
Instance "M8": Width narrower than recommended for a level 1 MOSFET.
Instance "M10": Length shorter than recommended for a level 1 MOSFET.
Instance "M10": Width narrower than recommended for a level 1 MOSFET.
Direct Newton iteration for .op point succeeded.
Total elapsed time: 0.195 seconds.

Files loaded:
C:\Users\tanma\OneDrive\Documents\LTspice\MOS\04_Inverter_Transient_Analysis\fanout_effect.net
C:\Users\tanma\AppData\Local\LTspice\lib\cmp\standard.mos

tpHL1=6.05568273177e-11 FROM 5.49999999917e-10 TO 6.10556827235e-10
tpLH1=6.07077195558e-11 FROM 1.06499999979e-08 TO 1.07107077174e-08
tpd1: (tpHL1+tpLH1)/2=6.06322734368e-11
tpHL2=7.26865109937e-11 FROM 1.07107077174e-08 TO 1.07833942284e-08
tpLH2=6.83746631767e-11 FROM 6.10556827235e-10 TO 6.78931490412e-10
tpd2: (tpHL2+tpLH2)/2=7.05305870852e-11
tpHL3=7.48518637343e-11 FROM 6.78931490412e-10 TO 7.53783354146e-10
tpLH3=6.99633889988e-11 FROM 1.07833942284e-08 TO 1.08533576174e-08
tpd3: (tpHL3+tpLH3)/2=7.24076263666e-11
tpHL4=7.50191810424e-11 FROM 1.08533576174e-08 TO 1.09283767985e-08
tpLH4=7.03755571883e-11 FROM 7.53783354146e-10 TO 8.24158911334e-10
tpd4: (tpHL4+tpLH4)/2=7.26973691153e-11
tpHL5=6.20004207276e-11 FROM 8.24158911334e-10 TO 8.86159332062e-10
tpLH5=5.43629814904e-11 FROM 1.09283767985e-08 TO 1.098273978e-08
tpd5: (tpHL5+tpLH5)/2=5.8181701109e-11
tpdSUM: (tpd1+tpd2+tpd3+tpd4+tpd5)=3.34449557113e-10
tpHLTotal=3.36159332145e-10 FROM 5.49999999917e-10 TO 8.86159332062e-10
tpLHTotal=3.32739782081e-10 FROM 1.06499999979e-08 TO 1.098273978e-08
tpdTotal: (tpHLTotal+tpLHTotal)/2=3.34449557113e-10
