LTspice 24.1.3 for Windows
Circuit: C:\Users\tanma\OneDrive\Documents\LTspice\MOS\04_Inverter_Transient_Analysis\propagation_delay.net
Start Time: Mon May 18 18:46:20 2026
solver = Normal
Maximum thread count: 12
tnom = 27
temp = 27
method = trap
Model "my_nmos": Oxide thickness thinner than recommended for a level 1 MOSFET.
Instance "M1": Length shorter than recommended for a level 1 MOSFET.
Instance "M1": Width narrower than recommended for a level 1 MOSFET.
Model "my_pmos": Oxide thickness thinner than recommended for a level 1 MOSFET.
Instance "M2": Length shorter than recommended for a level 1 MOSFET.
Instance "M2": Width narrower than recommended for a level 1 MOSFET.
Direct Newton iteration for .op point succeeded.
Total elapsed time: 0.158 seconds.

Files loaded:
C:\Users\tanma\OneDrive\Documents\LTspice\MOS\04_Inverter_Transient_Analysis\propagation_delay.net
C:\Users\tanma\AppData\Local\LTspice\lib\cmp\standard.mos

tpLH=4.90261961396e-11 FROM 5.24999999966e-09 TO 5.2990261958e-09
tpHL=5.09606893698e-11 FROM 1.50000000558e-10 TO 2.00960689928e-10
tpd: (tpHL + tpLH)/2=4.99934427547e-11
